
> control-pedidos-app@1.0.0 build
> vite build && esbuild server/_core/index.ts --platform=node --packages=external --bundle --format=esm --outdir=dist

node.exe : node:internal/modules/esm/resolve:201
En línea: 1 Carácter: 1
+ & "C:\Program Files\nodejs/node.exe" "C:\Program Files\nodejs/node_mo ...
+ ~~~~~~~~~~~~~~~~~~~~~~~~~~~~~~~~~~~~~~~~~~~~~~~~~~~~~~~~~~~~~~~~~~~~~
    + CategoryInfo          : NotSpecified: (node:internal/modules/esm/resolve:201:String) [], RemoteException
    + FullyQualifiedErrorId : NativeCommandError
 
  const resolvedOption = FSLegacyMainResolve(pkgPath, packageConfig.main, baseStringified);
                         ^

Error: Cannot find package 'C:\Users\cristian\Downloads\proyectoFINAL.claude\proyecto.claude\control-pedidos-app\node_m
odules\.pnpm\vite@7.1.9_@types+node@24.7_fff695d9accf9e76a09c0bde62227fbe\node_modules\esbuild\lib\main.js' imported 
from C:\Users\cristian\Downloads\proyectoFINAL.claude\proyecto.claude\control-pedidos-app\node_modules\.pnpm\vite@7.1.9
_@types+node@24.7_fff695d9accf9e76a09c0bde62227fbe\node_modules\vite\dist\node\chunks\dep-Chhhsdoe.js
    at legacyMainResolve (node:internal/modules/esm/resolve:201:26)
    at packageResolve (node:internal/modules/esm/resolve:774:12)
    at moduleResolve (node:internal/modules/esm/resolve:855:18)
    at defaultResolve (node:internal/modules/esm/resolve:988:11)
    at #cachedDefaultResolve (node:internal/modules/esm/loader:697:20)
    at #resolveAndMaybeBlockOnLoaderThread (node:internal/modules/esm/loader:714:38)
    at ModuleLoader.resolveSync (node:internal/modules/esm/loader:746:52)
    at #resolve (node:internal/modules/esm/loader:679:17)
    at ModuleLoader.getOrCreateModuleJob (node:internal/modules/esm/loader:599:35)
    at ModuleJob.syncLink (node:internal/modules/esm/module_job:162:33) {
  code: 'ERR_MODULE_NOT_FOUND'
}

Node.js v24.15.0
