client/src/components/ArqueoDialog.tsx(33,36): error TS2339: Property 'getUser' does not exist on type 'DecorateRouterRecord<{ ctx: TrpcContext; meta: object; errorShape: DefaultErrorShape; transformer: true; }, DecorateCreateRouterOptions<{ me: QueryProcedure<{ input: void; output: { id: number; name: string | null; ... 8 more ...; lastSignedIn: Date; } | null; meta: object; }>; logout: MutationProcedure<...>; loginT...'.
client/src/components/ProductionModal.tsx(2,36): error TS2307: Cannot find module '@headlessui/react' or its corresponding type declarations.
client/src/components/ProductionModal.tsx(3,27): error TS2307: Cannot find module '@heroicons/react/24/outline' or its corresponding type declarations.
client/src/components/ProductionModal.tsx(5,19): error TS2307: Cannot find module 'react-hot-toast' or its corresponding type declarations.
client/src/components/ProductionModal.tsx(15,45): error TS2339: Property 'getProducts' does not exist on type 'DecorateRouterRecord<{ ctx: TrpcContext; meta: object; errorShape: DefaultErrorShape; transformer: true; }, DecorateCreateRouterOptions<{ listProducts: QueryProcedure<{ input: void; output: any; meta: object; }>; ... 9 more ...; getSmartAlerts: QueryProcedure<...>; }>>'.
client/src/components/ProductionModal.tsx(30,43): error TS7006: Parameter 'p' implicitly has an 'any' type.
client/src/components/ProductionModal.tsx(31,40): error TS7006: Parameter 'p' implicitly has an 'any' type.
client/src/components/ProductionModal.tsx(32,40): error TS7006: Parameter 'p' implicitly has an 'any' type.
client/src/components/ProductionModal.tsx(152,59): error TS2339: Property 'isLoading' does not exist on type 'UseTRPCMutationResult<{ success: boolean; batchId: any; }, TRPCClientErrorLike<{ input: { type: "maintenance" | "kefir_production" | "nodule_washing"; notes?: string | undefined; }; output: { success: boolean; batchId: any; }; transformer: true; errorShape: DefaultErrorShape; }>, { ...; }, unknown>'.
  Property 'isLoading' does not exist on type 'TRPCHookResult & Override<MutationObserverIdleResult<{ success: boolean; batchId: any; }, TRPCClientErrorLike<{ input: { type: "maintenance" | "kefir_production" | "nodule_washing"; notes?: string | undefined; }; output: { ...; }; transformer: true; errorShape: DefaultErrorShape; }>, { ...; }, unknown>, { ...; }> & ...'.
client/src/components/ProductionModal.tsx(182,54): error TS7006: Parameter 'p' implicitly has an 'any' type.
client/src/components/ProductionModal.tsx(250,61): error TS2339: Property 'isLoading' does not exist on type 'UseTRPCMutationResult<{ success: boolean; }, TRPCClientErrorLike<{ input: { batchId: number; outputs: { productId: number; quantity: number; }[]; }; output: { success: boolean; }; transformer: true; errorShape: DefaultErrorShape; }>, { ...; }, unknown>'.
  Property 'isLoading' does not exist on type 'TRPCHookResult & Override<MutationObserverIdleResult<{ success: boolean; }, TRPCClientErrorLike<{ input: { batchId: number; outputs: { productId: number; quantity: number; }[]; }; output: { success: boolean; }; transformer: true; errorShape: DefaultErrorShape; }>, { ...; }, unknown>, { ...; }> & { ...; }'.
client/src/components/QuotationsView.tsx(532,227): error TS7006: Parameter 'p' implicitly has an 'any' type.
client/src/components/QuotationsView.tsx(533,235): error TS7006: Parameter 'p' implicitly has an 'any' type.
client/src/components/QuotationsView.tsx(534,237): error TS7006: Parameter 'p' implicitly has an 'any' type.
client/src/pages/ClosuresHistory.tsx(85,34): error TS7006: Parameter 'c' implicitly has an 'any' type.
client/src/pages/ClosuresHistory.tsx(93,34): error TS7006: Parameter 'c' implicitly has an 'any' type.
client/src/pages/ClosuresHistory.tsx(101,34): error TS7006: Parameter 'c' implicitly has an 'any' type.
client/src/pages/CreateOrder.tsx(238,29): error TS2345: Argument of type '(prev: { orderNumber: string; clientNumber: string; clientName: string; zone: string; sourceChannel: "facebook" | "tiktok" | "marketplace" | "referral" | "other"; deliveryDate: string; deliveryTime: string; paymentMethod: "qr" | ... 1 more ... | "transfer"; deliveryPersonId: string; notes: string; items: { ...; }[];...' is not assignable to parameter of type 'SetStateAction<{ orderNumber: string; clientNumber: string; clientName: string; zone: string; sourceChannel: "facebook" | "tiktok" | "marketplace" | "referral" | "other"; deliveryDate: string; deliveryTime: string; paymentMethod: "qr" | ... 1 more ... | "transfer"; deliveryPersonId: string; notes: string; items: { ....'.
  Type '(prev: { orderNumber: string; clientNumber: string; clientName: string; zone: string; sourceChannel: "facebook" | "tiktok" | "marketplace" | "referral" | "other"; deliveryDate: string; deliveryTime: string; paymentMethod: "qr" | ... 1 more ... | "transfer"; deliveryPersonId: string; notes: string; items: { ...; }[];...' is not assignable to type '(prevState: { orderNumber: string; clientNumber: string; clientName: string; zone: string; sourceChannel: "facebook" | "tiktok" | "marketplace" | "referral" | "other"; deliveryDate: string; deliveryTime: string; paymentMethod: "qr" | ... 1 more ... | "transfer"; deliveryPersonId: string; notes: string; items: { ...;...'.
    Call signature return types '{ clientNumber: string; clientName: string; zone: string; sourceChannel: string; orderNumber: string; deliveryDate: string; deliveryTime: string; paymentMethod: "qr" | "cash" | "transfer"; deliveryPersonId: string; notes: string; items: { ...; }[]; }' and '{ orderNumber: string; clientNumber: string; clientName: string; zone: string; sourceChannel: "facebook" | "tiktok" | "marketplace" | "referral" | "other"; deliveryDate: string; deliveryTime: string; paymentMethod: "qr" | ... 1 more ... | "transfer"; deliveryPersonId: string; notes: string; items: { ...; }[]; }' are incompatible.
      The types of 'sourceChannel' are incompatible between these types.
        Type 'string' is not assignable to type '"facebook" | "tiktok" | "marketplace" | "referral" | "other"'.
client/src/pages/DeliveryLoad.tsx(44,7): error TS2304: Cannot find name 'toast'.
client/src/pages/DeliveryLoad.tsx(47,23): error TS2304: Cannot find name 'toast'.
client/src/pages/DeliveryLoad.tsx(248,36): error TS2339: Property 'getUser' does not exist on type 'DecorateRouterRecord<{ ctx: TrpcContext; meta: object; errorShape: DefaultErrorShape; transformer: true; }, DecorateCreateRouterOptions<{ me: QueryProcedure<{ input: void; output: { id: number; name: string | null; ... 8 more ...; lastSignedIn: Date; } | null; meta: object; }>; logout: MutationProcedure<...>; loginT...'.
client/src/pages/DeliveryPersons.tsx(519,40): error TS7006: Parameter 'p' implicitly has an 'any' type.
client/src/pages/EditOrder.tsx(151,38): error TS7006: Parameter 'p' implicitly has an 'any' type.
client/src/pages/EditOrder.tsx(201,31): error TS2345: Argument of type '(prev: { orderNumber: string; clientNumber: string; clientName: string; zone: string; sourceChannel: "facebook" | "tiktok" | "marketplace" | "referral" | "other"; deliveryDate: string; deliveryTime: string; ... 4 more ...; items: { ...; }[]; }) => { ...; }' is not assignable to parameter of type 'SetStateAction<{ orderNumber: string; clientNumber: string; clientName: string; zone: string; sourceChannel: "facebook" | "tiktok" | "marketplace" | "referral" | "other"; deliveryDate: string; deliveryTime: string; ... 4 more ...; items: { ...; }[]; }>'.
  Type '(prev: { orderNumber: string; clientNumber: string; clientName: string; zone: string; sourceChannel: "facebook" | "tiktok" | "marketplace" | "referral" | "other"; deliveryDate: string; deliveryTime: string; ... 4 more ...; items: { ...; }[]; }) => { ...; }' is not assignable to type '(prevState: { orderNumber: string; clientNumber: string; clientName: string; zone: string; sourceChannel: "facebook" | "tiktok" | "marketplace" | "referral" | "other"; deliveryDate: string; deliveryTime: string; ... 4 more ...; items: { ...; }[]; }) => { ...; }'.
    Call signature return types '{ clientNumber: string; clientName: string; zone: string; sourceChannel: string; orderNumber: string; deliveryDate: string; deliveryTime: string; paymentMethod: "qr" | "cash" | "transfer"; deliveryPersonId: string; notes: string; status: string; items: { ...; }[]; }' and '{ orderNumber: string; clientNumber: string; clientName: string; zone: string; sourceChannel: "facebook" | "tiktok" | "marketplace" | "referral" | "other"; deliveryDate: string; deliveryTime: string; ... 4 more ...; items: { ...; }[]; }' are incompatible.
      The types of 'sourceChannel' are incompatible between these types.
        Type 'string' is not assignable to type '"facebook" | "tiktok" | "marketplace" | "referral" | "other"'.
client/src/pages/EditOrder.tsx(369,55): error TS7006: Parameter 'p' implicitly has an 'any' type.
client/src/pages/Finance.tsx(1338,195): error TS2322: Type 'string' is not assignable to type 'number'.
client/src/pages/Inventory.tsx(1114,16): error TS2739: Type '{ item: any; isOpen: any; onOpenChange: (value: boolean) => void; quantity: any; setQuantity: any; reason: any; setReason: any; type: any; setType: any; price: any; setPrice: any; expiryDate: any; setExpiryDate: any; ... 5 more ...; isPending: any; }' is missing the following properties from type '{ item: any; isOpen: boolean; onOpenChange: (value: boolean) => void; quantity: string; setQuantity: (value: string) => void; reason: string; setReason: (value: string) => void; type: "production" | "entry" | "exit" | "adjustment"; ... 12 more ...; isPending: boolean; }': batchNumber, setBatchNumber
client/src/pages/Inventory.tsx(1193,16): error TS2739: Type '{ item: any; isOpen: any; onOpenChange: (value: boolean) => void; quantity: any; setQuantity: any; reason: any; setReason: any; type: any; setType: any; price: any; setPrice: any; expiryDate: any; setExpiryDate: any; ... 5 more ...; isPending: any; }' is missing the following properties from type '{ item: any; isOpen: boolean; onOpenChange: (value: boolean) => void; quantity: string; setQuantity: (value: string) => void; reason: string; setReason: (value: string) => void; type: "production" | "entry" | "exit" | "adjustment"; ... 12 more ...; isPending: boolean; }': batchNumber, setBatchNumber
client/src/pages/Orders.tsx(600,40): error TS7006: Parameter 'o' implicitly has an 'any' type.
client/src/pages/Orders.tsx(606,40): error TS7006: Parameter 'o' implicitly has an 'any' type.
client/src/pages/Orders.tsx(612,40): error TS7006: Parameter 'o' implicitly has an 'any' type.
client/src/pages/Orders.tsx(624,52): error TS7006: Parameter 'o' implicitly has an 'any' type.
client/src/pages/Orders.tsx(628,52): error TS7006: Parameter 'o' implicitly has an 'any' type.
client/src/pages/Orders.tsx(632,52): error TS7006: Parameter 'o' implicitly has an 'any' type.
client/src/pages/Production.tsx(4,24): error TS2307: Cannot find module '../components/Layout' or its corresponding type declarations.
client/src/pages/Production.tsx(6,26): error TS2307: Cannot find module '@heroicons/react/24/outline' or its corresponding type declarations.
client/src/pages/Production.tsx(62,30): error TS7006: Parameter 'batch' implicitly has an 'any' type.
client/src/pages/Sales.tsx(1053,229): error TS7006: Parameter 'p' implicitly has an 'any' type.
client/src/pages/Sales.tsx(1054,237): error TS7006: Parameter 'p' implicitly has an 'any' type.
client/src/pages/Sales.tsx(1055,239): error TS7006: Parameter 'p' implicitly has an 'any' type.
client/src/pages/Sales.tsx(1125,134): error TS7006: Parameter 'p' implicitly has an 'any' type.
client/src/pages/Sales.tsx(1131,138): error TS7006: Parameter 'p' implicitly has an 'any' type.
client/src/pages/Sales.tsx(1137,139): error TS7006: Parameter 'p' implicitly has an 'any' type.
client/src/utils/pdfReports.ts(31,15): error TS2345: Argument of type 'undefined' is not assignable to parameter of type 'string'.
client/src/utils/pdfReports.ts(36,15): error TS2345: Argument of type 'undefined' is not assignable to parameter of type 'string'.
client/src/utils/pdfReports.ts(112,18): error TS2345: Argument of type '{ head: string[][]; body: any[][]; startY: number; headStyles: { fillColor: number[]; textColor: number; fontStyle: string; }; bodyStyles: { textColor: number[]; }; alternateRowStyles: { fillColor: number[]; }; margin: { ...; }; }' is not assignable to parameter of type 'UserOptions'.
  The types of 'bodyStyles.textColor' are incompatible between these types.
    Type 'number[]' is not assignable to type 'Color | undefined'.
      Type 'number[]' is not assignable to type '[number, number, number]'.
        Target requires 3 element(s) but source may have fewer.
client/src/utils/pdfReports.ts(127,15): error TS2345: Argument of type 'undefined' is not assignable to parameter of type 'string'.
client/src/utils/pdfReports.ts(129,15): error TS2345: Argument of type 'undefined' is not assignable to parameter of type 'string'.
client/src/utils/pdfReports.ts(134,15): error TS2345: Argument of type 'undefined' is not assignable to parameter of type 'string'.
client/src/utils/pdfReports.ts(170,18): error TS2345: Argument of type '{ head: string[][]; body: any[][]; startY: number; headStyles: { fillColor: number[]; textColor: number; fontStyle: string; }; bodyStyles: { textColor: number[]; }; alternateRowStyles: { fillColor: number[]; }; margin: { ...; }; }' is not assignable to parameter of type 'UserOptions'.
  The types of 'bodyStyles.textColor' are incompatible between these types.
    Type 'number[]' is not assignable to type 'Color | undefined'.
      Type 'number[]' is not assignable to type '[number, number, number]'.
        Target requires 3 element(s) but source may have fewer.
client/src/utils/pdfReports.ts(192,15): error TS2345: Argument of type 'undefined' is not assignable to parameter of type 'string'.
client/src/utils/pdfReports.ts(194,15): error TS2345: Argument of type 'undefined' is not assignable to parameter of type 'string'.
client/src/utils/pdfReports.ts(200,15): error TS2345: Argument of type 'undefined' is not assignable to parameter of type 'string'.
client/src/utils/pdfReports.ts(228,18): error TS2345: Argument of type '{ head: string[][]; body: any[][]; didParseCell: (data: any) => void; startY: number; headStyles: { fillColor: number[]; textColor: number; fontStyle: string; }; bodyStyles: { textColor: number[]; }; alternateRowStyles: { ...; }; margin: { ...; }; }' is not assignable to parameter of type 'UserOptions'.
  The types of 'bodyStyles.textColor' are incompatible between these types.
    Type 'number[]' is not assignable to type 'Color | undefined'.
      Type 'number[]' is not assignable to type '[number, number, number]'.
        Target requires 3 element(s) but source may have fewer.
client/src/utils/pdfReports.ts(254,15): error TS2345: Argument of type 'undefined' is not assignable to parameter of type 'string'.
client/src/utils/pdfReports.ts(256,15): error TS2345: Argument of type 'undefined' is not assignable to parameter of type 'string'.
client/src/utils/pdfReports.ts(262,15): error TS2345: Argument of type 'undefined' is not assignable to parameter of type 'string'.
client/src/utils/pdfReports.ts(284,15): error TS2345: Argument of type 'undefined' is not assignable to parameter of type 'string'.
client/src/utils/pdfReports.ts(286,15): error TS2345: Argument of type 'undefined' is not assignable to parameter of type 'string'.
client/src/utils/pdfReports.ts(290,15): error TS2345: Argument of type 'undefined' is not assignable to parameter of type 'string'.
client/src/utils/pdfReports.ts(313,18): error TS2345: Argument of type '{ head: string[][]; body: any[][]; didParseCell: (data: any) => void; startY: number; headStyles: { fillColor: number[]; textColor: number; fontStyle: string; }; bodyStyles: { textColor: number[]; }; alternateRowStyles: { ...; }; margin: { ...; }; }' is not assignable to parameter of type 'UserOptions'.
  The types of 'bodyStyles.textColor' are incompatible between these types.
    Type 'number[]' is not assignable to type 'Color | undefined'.
      Type 'number[]' is not assignable to type '[number, number, number]'.
        Target requires 3 element(s) but source may have fewer.
client/src/utils/pdfReports.ts(327,15): error TS2345: Argument of type 'undefined' is not assignable to parameter of type 'string'.
client/src/utils/pdfReports.ts(377,18): error TS2345: Argument of type '{ head: string[][]; body: any[][]; styles: { fontSize: number; }; startY: number; headStyles: { fillColor: number[]; textColor: number; fontStyle: string; }; bodyStyles: { textColor: number[]; }; alternateRowStyles: { ...; }; margin: { ...; }; }' is not assignable to parameter of type 'UserOptions'.
  The types of 'bodyStyles.textColor' are incompatible between these types.
    Type 'number[]' is not assignable to type 'Color | undefined'.
      Type 'number[]' is not assignable to type '[number, number, number]'.
        Target requires 3 element(s) but source may have fewer.
client/src/utils/pdfReports.ts(424,18): error TS2345: Argument of type '{ head: string[][]; body: any[][]; didParseCell: (data: any) => void; startY: number; headStyles: { fillColor: number[]; textColor: number; fontStyle: string; }; bodyStyles: { textColor: number[]; }; alternateRowStyles: { ...; }; margin: { ...; }; }' is not assignable to parameter of type 'UserOptions'.
  The types of 'bodyStyles.textColor' are incompatible between these types.
    Type 'number[]' is not assignable to type 'Color | undefined'.
      Type 'number[]' is not assignable to type '[number, number, number]'.
        Target requires 3 element(s) but source may have fewer.
client/src/utils/pdfReports.ts(468,18): error TS2345: Argument of type '{ head: string[][]; body: any[][]; styles: { fontSize: number; }; didParseCell: (data: any) => void; startY: number; headStyles: { fillColor: number[]; textColor: number; fontStyle: string; }; bodyStyles: { textColor: number[]; }; alternateRowStyles: { ...; }; margin: { ...; }; }' is not assignable to parameter of type 'UserOptions'.
  The types of 'bodyStyles.textColor' are incompatible between these types.
    Type 'number[]' is not assignable to type 'Color | undefined'.
      Type 'number[]' is not assignable to type '[number, number, number]'.
        Target requires 3 element(s) but source may have fewer.
client/src/utils/pdfReports.ts(493,15): error TS2345: Argument of type 'undefined' is not assignable to parameter of type 'string'.
client/src/utils/pdfReports.ts(497,15): error TS2345: Argument of type 'undefined' is not assignable to parameter of type 'string'.
client/src/utils/pdfReports.ts(503,18): error TS2345: Argument of type '{ head: string[][]; body: string[][]; didParseCell: (data: any) => void; startY: number; headStyles: { fillColor: number[]; textColor: number; fontStyle: string; }; bodyStyles: { textColor: number[]; }; alternateRowStyles: { ...; }; margin: { ...; }; }' is not assignable to parameter of type 'UserOptions'.
  The types of 'bodyStyles.textColor' are incompatible between these types.
    Type 'number[]' is not assignable to type 'Color | undefined'.
      Type 'number[]' is not assignable to type '[number, number, number]'.
        Target requires 3 element(s) but source may have fewer.
client/src/utils/pdfReports.ts(545,15): error TS2345: Argument of type 'undefined' is not assignable to parameter of type 'string'.
client/src/utils/pdfReports.ts(549,15): error TS2345: Argument of type 'undefined' is not assignable to parameter of type 'string'.
client/src/utils/pdfReports.ts(553,15): error TS2345: Argument of type 'undefined' is not assignable to parameter of type 'string'.
client/src/utils/pdfReports.ts(572,15): error TS2345: Argument of type 'undefined' is not assignable to parameter of type 'string'.
server/_core/index.ts(107,7): error TS2353: Object literal may only specify known properties, and 'transformer' does not exist in type 'NodeHTTPHandlerOptions<BuiltRouter<{ ctx: TrpcContext; meta: object; errorShape: DefaultErrorShape; transformer: true; }, DecorateCreateRouterOptions<{ system: BuiltRouter<{ ctx: TrpcContext; meta: object; errorShape: DefaultErrorShape; transformer: true; }, DecorateCreateRouterOptions<...>>; ... 15 more ...; produc...'.
server/_core/sdk.ts(282,72): error TS18047: 'user' is possibly 'null'.
server/_core/sdk.ts(282,81): error TS18047: 'user' is possibly 'null'.
server/cleanup_duplicates.ts(3,39): error TS2307: Cannot find module './schema' or its corresponding type declarations.
server/db.ts(579,22): error TS7006: Parameter 'r' implicitly has an 'any' type.
server/db.ts(686,28): error TS2339: Property 'customerName' does not exist on type 'MySqlTableWithColumns<{ name: "orders"; schema: undefined; columns: { id: MySqlColumn<{ name: "id"; tableName: "orders"; dataType: "number"; columnType: "MySqlInt"; data: number; driverParam: string | number; notNull: true; hasDefault: true; ... 6 more ...; generated: undefined; }, {}, {}>; ... 22 more ...; delivere...'.
server/db.ts(709,46): error TS2802: Type 'MapIterator<[number, any[]]>' can only be iterated through when using the '--downlevelIteration' flag or with a '--target' of 'es2015' or higher.
server/db.ts(2298,48): error TS7006: Parameter 'r' implicitly has an 'any' type.
server/db.ts(2497,58): error TS7006: Parameter 'sum' implicitly has an 'any' type.
server/db.ts(2497,63): error TS7006: Parameter 'c' implicitly has an 'any' type.
server/db.ts(2498,56): error TS7006: Parameter 'sum' implicitly has an 'any' type.
server/db.ts(2498,61): error TS7006: Parameter 'c' implicitly has an 'any' type.
server/db.ts(2499,62): error TS7006: Parameter 'sum' implicitly has an 'any' type.
server/db.ts(2499,67): error TS7006: Parameter 'c' implicitly has an 'any' type.
server/db.ts(2573,40): error TS2552: Cannot find name 'InsertSale'. Did you mean 'InsertUser'?
server/db.ts(2616,42): error TS7006: Parameter 'sum' implicitly has an 'any' type.
server/db.ts(2616,47): error TS7006: Parameter 'item' implicitly has an 'any' type.
server/db.ts(2618,42): error TS7006: Parameter 'b' implicitly has an 'any' type.
server/db.ts(2871,64): error TS2552: Cannot find name 'InsertSale'. Did you mean 'InsertUser'?
server/db.ts(3336,38): error TS7006: Parameter 'tx' implicitly has an 'any' type.
server/db.ts(3419,38): error TS7006: Parameter 'tx' implicitly has an 'any' type.
server/db.ts(3467,22): error TS2531: Object is possibly 'null'.
server/db.ts(3467,57): error TS18047: 'startDateStr' is possibly 'null'.
server/db.ts(3492,34): error TS7006: Parameter 'product' implicitly has an 'any' type.
server/db.ts(3493,51): error TS7006: Parameter 'i' implicitly has an 'any' type.
server/db.ts(3494,49): error TS7006: Parameter 'sum' implicitly has an 'any' type.
server/db.ts(3494,54): error TS7006: Parameter 'i' implicitly has an 'any' type.
server/db.ts(3501,48): error TS7006: Parameter 'i' implicitly has an 'any' type.
server/db.ts(3516,13): error TS7006: Parameter 'a' implicitly has an 'any' type.
server/db_exports.ts(4,10): error TS2305: Module '"./db.js"' has no exported member 'db'.
server/repair_finance.ts(1,17): error TS2459: Module '"./db"' declares 'cashClosures' locally, but it is not exported.
server/repair_finance.ts(1,31): error TS2724: '"./db"' has no exported member named 'financialTransactions'. Did you mean 'getFinancialTransactions'?
server/routers/audit.ts(72,17): error TS7006: Parameter 'auditLog' implicitly has an 'any' type.
server/routers/audit.ts(72,29): error TS7031: Binding element 'and' implicitly has an 'any' type.
server/routers/audit.ts(72,34): error TS7031: Binding element 'eq' implicitly has an 'any' type.
server/routers/audit.ts(140,34): error TS7006: Parameter 'u' implicitly has an 'any' type.
server/routers/orders.ts(320,68): error TS2345: Argument of type '{ productId: number; quantity: number; price: number; pricingType: "unit" | "wholesale" | "discount"; }[]' is not assignable to parameter of type '{ price: number; productId: number; quantity: number; orderId: number; id?: number | undefined; createdAt?: Date | undefined; pricingType?: "unit" | "wholesale" | "discount" | undefined; }[]'.
  Property 'orderId' is missing in type '{ productId: number; quantity: number; price: number; pricingType: "unit" | "wholesale" | "discount"; }' but required in type '{ price: number; productId: number; quantity: number; orderId: number; id?: number | undefined; createdAt?: Date | undefined; pricingType?: "unit" | "wholesale" | "discount" | undefined; }'.
server/routers/orders.ts(392,9): error TS2322: Type 'string' is not assignable to type '"pending" | "assigned" | "in_transit" | "delivered" | "cancelled" | "rescheduled" | undefined'.
server/routers/orders.ts(411,66): error TS2345: Argument of type '{ productId: number; quantity: number; price: number; pricingType: "unit" | "wholesale" | "discount"; }[]' is not assignable to parameter of type '{ price: number; productId: number; quantity: number; orderId: number; id?: number | undefined; createdAt?: Date | undefined; pricingType?: "unit" | "wholesale" | "discount" | undefined; }[]'.
  Property 'orderId' is missing in type '{ productId: number; quantity: number; price: number; pricingType: "unit" | "wholesale" | "discount"; }' but required in type '{ price: number; productId: number; quantity: number; orderId: number; id?: number | undefined; createdAt?: Date | undefined; pricingType?: "unit" | "wholesale" | "discount" | undefined; }'.
server/routers/quotations.ts(145,11): error TS2322: Type '{ productId: number; pricingType: "unit" | "wholesale" | "discount"; quantity: number; basePrice: number; discountType: "fixed" | "none" | "percentage"; discountValue: number; discountAmount: number; finalUnitPrice: number; subtotal: number; }[]' is not assignable to type '{ productId: number; quantity: number; subtotal: number; basePrice: number; quotationId: number; id?: number | undefined; createdAt?: Date | undefined; discountType?: "fixed" | "none" | "percentage" | undefined; discountValue?: number | undefined; discountAmount?: number | undefined; pricingType?: "unit" | ... 2 mor...'.
  Property 'quotationId' is missing in type '{ productId: number; pricingType: "unit" | "wholesale" | "discount"; quantity: number; basePrice: number; discountType: "fixed" | "none" | "percentage"; discountValue: number; discountAmount: number; finalUnitPrice: number; subtotal: number; }' but required in type '{ productId: number; quantity: number; subtotal: number; basePrice: number; quotationId: number; id?: number | undefined; createdAt?: Date | undefined; discountType?: "fixed" | "none" | "percentage" | undefined; discountValue?: number | undefined; discountAmount?: number | undefined; pricingType?: "unit" | ... 2 mor...'.
server/routers/reports.ts(39,25): error TS2769: No overload matches this call.
  Overload 1 of 3, '(left: MySqlColumn<{ name: "status"; tableName: "orders"; dataType: "string"; columnType: "MySqlEnumColumn"; data: "pending" | "assigned" | "in_transit" | "delivered" | "cancelled" | "rescheduled"; ... 9 more ...; generated: undefined; }, {}, {}>, right: SQLWrapper | ... 5 more ... | "rescheduled"): SQL<...>', gave the following error.
    Argument of type 'string' is not assignable to parameter of type 'SQLWrapper | "pending" | "assigned" | "in_transit" | "delivered" | "cancelled" | "rescheduled"'.
  Overload 2 of 3, '(left: Aliased<string>, right: string | SQLWrapper): SQL<unknown>', gave the following error.
    Argument of type 'MySqlColumn<{ name: "status"; tableName: "orders"; dataType: "string"; columnType: "MySqlEnumColumn"; data: "pending" | "assigned" | "in_transit" | "delivered" | "cancelled" | "rescheduled"; ... 9 more ...; generated: undefined; }, {}, {}>' is not assignable to parameter of type 'Aliased<string>'.
      Type 'MySqlColumn<{ name: "status"; tableName: "orders"; dataType: "string"; columnType: "MySqlEnumColumn"; data: "pending" | "assigned" | "in_transit" | "delivered" | "cancelled" | "rescheduled"; ... 9 more ...; generated: undefined; }, {}, {}>' is missing the following properties from type 'Aliased<string>': sql, fieldAlias
  Overload 3 of 3, '(left: never, right: unknown): SQL<unknown>', gave the following error.
    Argument of type 'MySqlColumn<{ name: "status"; tableName: "orders"; dataType: "string"; columnType: "MySqlEnumColumn"; data: "pending" | "assigned" | "in_transit" | "delivered" | "cancelled" | "rescheduled"; ... 9 more ...; generated: undefined; }, {}, {}>' is not assignable to parameter of type 'never'.
server/routers/reports.ts(83,25): error TS2769: No overload matches this call.
  Overload 1 of 3, '(left: MySqlColumn<{ name: "paymentMethod"; tableName: "sales"; dataType: "string"; columnType: "MySqlEnumColumn"; data: "qr" | "cash" | "transfer"; driverParam: string; notNull: true; hasDefault: false; ... 6 more ...; generated: undefined; }, {}, {}>, right: SQLWrapper | ... 2 more ... | "transfer"): SQL<...>', gave the following error.
    Argument of type 'string' is not assignable to parameter of type 'SQLWrapper | "qr" | "cash" | "transfer"'.
  Overload 2 of 3, '(left: Aliased<string>, right: string | SQLWrapper): SQL<unknown>', gave the following error.
    Argument of type 'MySqlColumn<{ name: "paymentMethod"; tableName: "sales"; dataType: "string"; columnType: "MySqlEnumColumn"; data: "qr" | "cash" | "transfer"; driverParam: string; notNull: true; hasDefault: false; ... 6 more ...; generated: undefined; }, {}, {}>' is not assignable to parameter of type 'Aliased<string>'.
      Type 'MySqlColumn<{ name: "paymentMethod"; tableName: "sales"; dataType: "string"; columnType: "MySqlEnumColumn"; data: "qr" | "cash" | "transfer"; driverParam: string; notNull: true; hasDefault: false; ... 6 more ...; generated: undefined; }, {}, {}>' is missing the following properties from type 'Aliased<string>': sql, fieldAlias
  Overload 3 of 3, '(left: never, right: unknown): SQL<unknown>', gave the following error.
    Argument of type 'MySqlColumn<{ name: "paymentMethod"; tableName: "sales"; dataType: "string"; columnType: "MySqlEnumColumn"; data: "qr" | "cash" | "transfer"; driverParam: string; notNull: true; hasDefault: false; ... 6 more ...; generated: undefined; }, {}, {}>' is not assignable to parameter of type 'never'.
server/routers/reports.ts(113,32): error TS2769: No overload matches this call.
  Overload 1 of 3, '(left: MySqlColumn<{ name: "category"; tableName: "products"; dataType: "string"; columnType: "MySqlEnumColumn"; data: "finished_product" | "raw_material" | "supplies"; driverParam: string; notNull: true; ... 7 more ...; generated: undefined; }, {}, {}>, right: SQLWrapper | ... 2 more ... | "supplies"): SQL<...>', gave the following error.
    Argument of type 'string' is not assignable to parameter of type 'SQLWrapper | "finished_product" | "raw_material" | "supplies"'.
  Overload 2 of 3, '(left: Aliased<string>, right: string | SQLWrapper): SQL<unknown>', gave the following error.
    Argument of type 'MySqlColumn<{ name: "category"; tableName: "products"; dataType: "string"; columnType: "MySqlEnumColumn"; data: "finished_product" | "raw_material" | "supplies"; driverParam: string; notNull: true; ... 7 more ...; generated: undefined; }, {}, {}>' is not assignable to parameter of type 'Aliased<string>'.
      Type 'MySqlColumn<{ name: "category"; tableName: "products"; dataType: "string"; columnType: "MySqlEnumColumn"; data: "finished_product" | "raw_material" | "supplies"; driverParam: string; notNull: true; ... 7 more ...; generated: undefined; }, {}, {}>' is missing the following properties from type 'Aliased<string>': sql, fieldAlias
  Overload 3 of 3, '(left: never, right: unknown): SQL<unknown>', gave the following error.
    Argument of type 'MySqlColumn<{ name: "category"; tableName: "products"; dataType: "string"; columnType: "MySqlEnumColumn"; data: "finished_product" | "raw_material" | "supplies"; driverParam: string; notNull: true; ... 7 more ...; generated: undefined; }, {}, {}>' is not assignable to parameter of type 'never'.
server/routers/sales.ts(171,11): error TS2322: Type '{ productId: number; pricingType: "unit" | "wholesale" | "discount"; quantity: number; basePrice: number; discountType: "fixed" | "none" | "percentage"; discountValue: number; discountAmount: number; finalUnitPrice: number; subtotal: number; }[]' is not assignable to type 'SaleItemCreateInput[]'.
  Type '{ productId: number; pricingType: "unit" | "wholesale" | "discount"; quantity: number; basePrice: number; discountType: "fixed" | "none" | "percentage"; discountValue: number; discountAmount: number; finalUnitPrice: number; subtotal: number; }' is not assignable to type 'SaleItemCreateInput'.
    Types of property 'pricingType' are incompatible.
      Type '"unit" | "wholesale" | "discount"' is not assignable to type '"unit" | "wholesale"'.
        Type '"discount"' is not assignable to type '"unit" | "wholesale"'.
server/routers/stats.ts(32,37): error TS7006: Parameter 'o' implicitly has an 'any' type.
server/routers/stats.ts(33,38): error TS7006: Parameter 'o' implicitly has an 'any' type.
server/routers/stats.ts(34,39): error TS7006: Parameter 'o' implicitly has an 'any' type.
server/routers/stats.ts(35,39): error TS7006: Parameter 'o' implicitly has an 'any' type.
server/routers/stats.ts(36,39): error TS7006: Parameter 'o' implicitly has an 'any' type.
server/routers/stats.ts(39,43): error TS7006: Parameter 'inv' implicitly has an 'any' type.
server/routers/stats.ts(41,46): error TS7006: Parameter 'sum' implicitly has an 'any' type.
server/routers/stats.ts(41,51): error TS7006: Parameter 'inv' implicitly has an 'any' type.
server/routers/stats.ts(42,40): error TS7006: Parameter 'p' implicitly has an 'any' type.
server/routers/stats.ts(57,37): error TS7006: Parameter 'o' implicitly has an 'any' type.
server/routers/stats.ts(61,33): error TS7006: Parameter 'o' implicitly has an 'any' type.
server/routers/stats.ts(62,35): error TS7006: Parameter 'o' implicitly has an 'any' type.
server/routers/stats.ts(63,35): error TS7006: Parameter 'o' implicitly has an 'any' type.
server/routers/stats.ts(64,35): error TS7006: Parameter 'o' implicitly has an 'any' type.
server/routers/tracking.ts(29,37): error TS7006: Parameter 'o' implicitly has an 'any' type.
server/routers/tracking.ts(51,37): error TS7006: Parameter 'o' implicitly has an 'any' type.
server/routers/tracking.ts(70,37): error TS7006: Parameter 'o' implicitly has an 'any' type.
vite.config.ts(153,28): error TS2741: Property 'name' is missing in type 'Plugin<any>[]' but required in type 'Plugin<any>'.
vite.config.ts(153,37): error TS2741: Property 'name' is missing in type 'Plugin<any>[]' but required in type 'Plugin<any>'.
